Godot Engine v4.7.2.stable.official.ed1daf0bf - https://godotengine.org

[   0% ] [90m[1mfirst_scan_filesystem[22m | Started 项目初始化 (5 steps)[39m[0m
[   0% ] [90m[1mfirst_scan_filesystem[22m | 正在扫描文件结构……[39m[0m
[  16% ] [90m[1mfirst_scan_filesystem[22m | 正在加载全局类名……[39m[0m
[  33% ] [90m[1mfirst_scan_filesystem[22m | 正在校验 GDExtension……[39m[0m
[  50% ] [90m[1mfirst_scan_filesystem[22m | 正在创建自动加载脚本……[39m[0m
[  66% ] [90m[1mfirst_scan_filesystem[22m | 正在初始化插件……[39m[0m
[  83% ] [90m[1mfirst_scan_filesystem[22m | 正在启动文件扫描……[39m[0m
[92m[ DONE ][39m [1mfirst_scan_filesystem[22m
[0m
[   0% ] [90m[1mupdate_scripts_classes[22m | Started 正在注册全局类…… (11 steps)[39m[0m
[   0% ] [90m[1mupdate_scripts_classes[22m | XbdAiClientFacade[39m[0m
[   8% ] [90m[1mupdate_scripts_classes[22m | XbdTurnWarningSound[39m[0m
[  16% ] [90m[1mupdate_scripts_classes[22m | XbdApiClient[39m[0m
[  25% ] [90m[1mupdate_scripts_classes[22m | XbdTurnCountdownClock[39m[0m
[  33% ] [90m[1mupdate_scripts_classes[22m | [39m[0m
[  41% ] [90m[1mupdate_scripts_classes[22m | [39m[0m
[  50% ] [90m[1mupdate_scripts_classes[22m | [39m[0m
[  58% ] [90m[1mupdate_scripts_classes[22m | XbdChineseChessRules[39m[0m
[  66% ] [90m[1mupdate_scripts_classes[22m | XbdPbrMaterialFactory[39m[0m
[  75% ] [90m[1mupdate_scripts_classes[22m | XbdTabletop3DStage[39m[0m
[  83% ] [90m[1mupdate_scripts_classes[22m | [39m[0m
[92m[ DONE ][39m [1mupdate_scripts_classes[22m
[0m
[   0% ] [90m[1m_update_scan_actions[22m | Started 正在扫描动作…… (10 steps)[39m[0m
[   0% ] [90m[1m_update_scan_actions[22m | chess_board.glb[39m[0m
[   9% ] [90m[1m_update_scan_actions[22m | chess_pieces.glb[39m[0m
[  18% ] [90m[1m_update_scan_actions[22m | bamboo_woodgrain.png[39m[0m
[  27% ] [90m[1m_update_scan_actions[22m | board_woodgrain.png[39m[0m
[  36% ] [90m[1m_update_scan_actions[22m | engraved_chessboard.png[39m[0m
[  45% ] [90m[1m_update_scan_actions[22m | golden_nanmu_fine.png[39m[0m
[  54% ] [90m[1m_update_scan_actions[22m | golden_nanmu_woodgrain.png[39m[0m
[  63% ] [90m[1m_update_scan_actions[22m | ink_landscape_background.png[39m[0m
[  72% ] [90m[1m_update_scan_actions[22m | player_portraits.png[39m[0m
[  81% ] [90m[1m_update_scan_actions[22m | red_sandalwood_woodgrain.png[39m[0m
[92m[ DONE ][39m [1m_update_scan_actions[22m
[0m
[   0% ] [90m[1mreimport[22m | Started 正在导入或重新导入资产 (10 steps)[39m[0m
[   0% ] [90m[1mreimport[22m | 正在准备重新导入文件……[39m[0m
[   9% ] [90m[1mreimport[22m | 正在准备重新导入文件……[39m[0m
[  18% ] [90m[1mreimport[22m | 正在准备重新导入文件……[39m[0m
[  27% ] [90m[1mreimport[22m | 正在准备重新导入文件……[39m[0m
[  36% ] [90m[1mreimport[22m | 正在准备重新导入文件……[39m[0m
[  45% ] [90m[1mreimport[22m | 正在准备重新导入文件……[39m[0m
[  54% ] [90m[1mreimport[22m | 正在准备重新导入文件……[39m[0m
[  63% ] [90m[1mreimport[22m | 正在准备重新导入文件……[39m[0m
[  72% ] [90m[1mreimport[22m | 正在准备重新导入文件……[39m[0m
[  81% ] [90m[1mreimport[22m | 正在准备重新导入文件……[39m[0m
[   0% ] [90m[1mreimport[22m | 正在执行重新导入的前置操作……[39m[0m
[   0% ] [90m[1mreimport[22m | bamboo_woodgrain.png[39m[0m
[   9% ] [90m[1mreimport[22m | board_woodgrain.png[39m[0m
[  18% ] [90m[1mreimport[22m | engraved_chessboard.png[39m[0m
[  27% ] [90m[1mreimport[22m | golden_nanmu_fine.png[39m[0m
[  36% ] [90m[1mreimport[22m | golden_nanmu_woodgrain.png[39m[0m
[  45% ] [90m[1mreimport[22m | ink_landscape_background.png[39m[0m
[  54% ] [90m[1mreimport[22m | player_portraits.png[39m[0m
[  63% ] [90m[1mreimport[22m | red_sandalwood_woodgrain.png[39m[0m
[  72% ] [90m[1mreimport[22m | chess_board.glb[39m[0m
[   0% ] [90m[1mimport[22m | Started 导入场景 (104 steps)[39m[0m
[   0% ] [90m[1mimport[22m | 导入场景中...[39m[0m
[   1% ] [90m[1mimport[22m | 执行自定义脚本...[39m[0m
[  99% ] [90m[1mimport[22m | 保存中...[39m[0m
[92m[ DONE ][39m [1mimport[22m
[0m
[  81% ] [90m[1mreimport[22m | chess_pieces.glb[39m[0m
[   0% ] [90m[1mimport[22m | Started 导入场景 (104 steps)[39m[0m
[   0% ] [90m[1mimport[22m | 导入场景中...[39m[0m
[   1% ] [90m[1mimport[22m | 执行自定义脚本...[39m[0m
[  99% ] [90m[1mimport[22m | 保存中...[39m[0m
[92m[ DONE ][39m [1mimport[22m
[0m
[  90% ] [90m[1mreimport[22m | 正在结束资产导入……[39m[0m
[92m[ DONE ][39m [1mreimport[22m
[0m
[   0% ] [90m[1mreimport[22m | Started 正在导入或重新导入资产 (10 steps)[39m[0m
[   0% ] [90m[1mreimport[22m | 正在执行重新导入的后置操作……[39m[0m
[92m[ DONE ][39m [1mreimport[22m
[0m
[   0% ] [90m[1mloading_editor_layout[22m | Started 正在加载编辑器 (5 steps)[39m[0m
[   0% ] [90m[1mloading_editor_layout[22m | 正在加载编辑器布局……[39m[0m
[  16% ] [90m[1mloading_editor_layout[22m | 正在加载停靠面板……[39m[0m
[92m[ DONE ][39m [1mloading_editor_layout[22m
[0m
